// Jest Snapshot v1, https://goo.gl/fbAQLP

exports[`ProfileSkills should match snapshot correctly 1`] = `
<div>
  <div
    class="bg-sky-800 border-sky-800 border-t-2 rounded-t text-white p-3"
  >
    <p
      class="text-xl pb-4 text-center font-semibold"
    >
      Compétences
    </p>
    <ul
      class="text-sm"
    >
      <li
        class="flex justify-between"
      >
        Javascript
        <span
          class="flex gap-1"
        >
          <img
            src="/images/yellowStar.svg"
            width="20"
          />
          <img
            src="/images/yellowStar.svg"
            width="20"
          />
          <img
            src="/images/yellowStar.svg"
            width="20"
          />
          <img
            src="/images/yellowStar.svg"
            width="20"
          />
        </span>
      </li>
      <li
        class="flex justify-between"
      >
        CSS
        <span
          class="flex gap-1"
        >
          <img
            src="/images/yellowStar.svg"
            width="20"
          />
          <img
            src="/images/yellowStar.svg"
            width="20"
          />
          <img
            src="/images/yellowStar.svg"
            width="20"
          />
        </span>
      </li>
      <li
        class="flex justify-between"
      >
        React
        <span
          class="flex gap-1"
        >
          <img
            src="/images/yellowStar.svg"
            width="20"
          />
          <img
            src="/images/yellowStar.svg"
            width="20"
          />
          <img
            src="/images/yellowStar.svg"
            width="20"
          />
          <img
            src="/images/yellowStar.svg"
            width="20"
          />
        </span>
      </li>
      <li
        class="flex justify-between"
      >
        Typescript
        <span
          class="flex gap-1"
        >
          <img
            src="/images/yellowStar.svg"
            width="20"
          />
          <img
            src="/images/yellowStar.svg"
            width="20"
          />
          <img
            src="/images/yellowStar.svg"
            width="20"
          />
        </span>
      </li>
      <li
        class="flex justify-between"
      >
        Next
        <span
          class="flex gap-1"
        >
          <img
            src="/images/yellowStar.svg"
            width="20"
          />
          <img
            src="/images/yellowStar.svg"
            width="20"
          />
          <img
            src="/images/yellowStar.svg"
            width="20"
          />
        </span>
      </li>
    </ul>
    <p
      class="text-xl py-4 text-center font-semibold"
    >
      Langues
    </p>
    <ul>
      <li
        class="flex justify-between"
      >
        Français
        <span
          class="flex gap-1"
        >
          <img
            src="/images/yellowStar.svg"
            width="20"
          />
          <img
            src="/images/yellowStar.svg"
            width="20"
          />
          <img
            src="/images/yellowStar.svg"
            width="20"
          />
          <img
            src="/images/yellowStar.svg"
            width="20"
          />
          <img
            src="/images/yellowStar.svg"
            width="20"
          />
        </span>
      </li>
      <li
        class="flex justify-between"
      >
        Anglais
        <span
          class="flex gap-1"
        >
          <img
            src="/images/yellowStar.svg"
            width="20"
          />
          <img
            src="/images/yellowStar.svg"
            width="20"
          />
          <img
            src="/images/yellowStar.svg"
            width="20"
          />
        </span>
      </li>
      <li
        class="flex justify-between"
      >
        Espagnol
        <span
          class="flex gap-1"
        >
          <img
            src="/images/yellowStar.svg"
            width="20"
          />
          <img
            src="/images/yellowStar.svg"
            width="20"
          />
          <img
            src="/images/yellowStar.svg"
            width="20"
          />
          <img
            src="/images/yellowStar.svg"
            width="20"
          />
        </span>
      </li>
    </ul>
  </div>
</div>
`;
